2024-04-15 19:18:46,707 - INFO - Флешка администратора подтверждена на диске G:
2024-04-15 19:20:21,886 - INFO - Флешка администратора подтверждена на диске G:
2024-04-15 19:22:10,299 - INFO - Флешка администратора подтверждена на диске G:
2024-04-15 19:23:33,252 - INFO - Флешка администратора подтверждена на диске G:
2024-04-15 19:27:42,924 - INFO - Флешка администратора подтверждена на диске G:
2024-04-15 19:27:55,917 - INFO - Флешка администратора подтверждена на диске G:
2024-04-15 19:31:08,151 - INFO - Флешка администратора подтверждена на диске G:
2024-04-15 19:33:31,545 - INFO - Флешка администратора подтверждена на диске G:
2024-04-15 19:34:10,742 - INFO - Флешка администратора подтверждена на диске G:
2024-04-15 19:41:23,330 - INFO - Флешка администратора подтверждена на диске G:
2024-04-15 19:41:28,745 - INFO - Флешка администратора подтверждена на диске G:
2024-04-15 19:41:32,544 - INFO - Флешка администратора подтверждена на диске G:
2024-04-15 19:41:37,983 - INFO - Флешка администратора подтверждена на диске G:
2024-04-15 19:43:41,636 - INFO - Флешка администратора подтверждена на диске G:
2024-04-15 19:43:44,644 - INFO - Флешка администратора подтверждена на диске G:
2024-04-15 19:47:59,802 - INFO - Флешка администратора подтверждена на диске G:
2024-04-15 19:48:50,175 - INFO - Флешка администратора подтверждена на диске G:
2024-04-15 19:49:45,925 - INFO - Флешка администратора подтверждена на диске G:
2024-04-15 19:52:07,643 - INFO - Флешка администратора подтверждена на диске G:
2024-04-15 19:52:12,376 - INFO - Флешка администратора подтверждена на диске G:
2024-04-15 19:52:13,888 - INFO - Флешка администратора подтверждена на диске G:
2024-04-15 19:52:48,147 - INFO - Флешка администратора подтверждена на диске G:
2024-04-15 19:52:52,890 - INFO - Флешка администратора подтверждена на диске G:
2024-04-15 19:52:56,615 - INFO - Флешка администратора подтверждена на диске G:
2024-04-15 19:52:56,769 - INFO - Флешка администратора подтверждена на диске G:
2024-04-15 19:52:56,936 - INFO - Флешка администратора подтверждена на диске G:
2024-04-15 19:52:57,940 - INFO - Флешка администратора подтверждена на диске G:
2024-04-15 19:52:59,720 - INFO - Флешка администратора подтверждена на диске G:
2024-04-15 19:56:08,937 - INFO - Флешка администратора подтверждена на диске G:
2024-04-15 19:56:12,783 - INFO - Флешка администратора подтверждена на диске G:
2024-04-15 19:56:18,893 - INFO - Флешка администратора подтверждена на диске G:
2024-04-15 20:00:04,180 - INFO - Флешка администратора подтверждена на диске G:
2024-04-15 20:02:28,526 - INFO - Флешка администратора подтверждена на диске G:
2024-04-15 20:28:34,817 - INFO - Флешка администратора подтверждена на диске G:
2024-04-15 20:29:17,655 - INFO - Флешка администратора подтверждена на диске G:
2024-04-15 20:32:51,314 - INFO - Флешка администратора подтверждена на диске G:
2024-04-15 20:36:12,706 - INFO - Флешка администратора подтверждена на диске G:
2024-04-15 20:37:34,395 - INFO - Флешка администратора подтверждена на диске G:
2024-04-15 20:40:56,327 - INFO - Флешка администратора подтверждена на диске G:
2024-04-15 20:54:53,642 - INFO - Обнаружено новое устройство: H:\
2024-04-15 20:54:53,654 - INFO - Обнаружено новое устройство: G:\
2024-04-15 20:54:53,659 - INFO - Обнаружено новое устройство: S:\
2024-04-15 20:54:53,661 - INFO - Обнаружено новое устройство: D:\
2024-04-15 20:54:53,663 - INFO - Обнаружено новое устройство: F:\
2024-04-15 20:54:53,665 - INFO - Обнаружено новое устройство: C:\
2024-04-15 20:57:05,446 - INFO - Обнаружено новое устройство: G:\
2024-04-15 21:00:12,720 - INFO - Обнаружено новое устройство: G:\
2024-04-15 21:00:27,875 - INFO - Устройство отключено: G:\
2024-04-15 21:00:32,108 - INFO - Обнаружено новое устройство: G:\
2024-04-15 21:03:40,384 - INFO - Обнаружено новое устройство: G:\
2024-04-16 08:48:41,139 - INFO - Обнаружено новое устройство: G:\
2024-04-16 08:48:58,840 - INFO - Устройство отключено: G:\
2024-04-16 08:55:40,800 - INFO - Обнаружено новое устройство: G:\
2024-04-16 08:56:56,772 - INFO - Обнаружено новое устройство: G:\
2024-04-16 08:58:33,837 - INFO - Обнаружено новое устройство: G:\
2024-04-16 08:58:43,969 - INFO - Устройство отключено: G:\
2024-04-16 08:59:09,347 - INFO - Обнаружено новое устройство: G:\
2024-04-16 09:00:05,647 - INFO - Обнаружено новое устройство: G:\
2024-04-16 09:00:23,834 - INFO - Устройство отключено: G:\
2024-04-16 09:00:28,109 - INFO - Обнаружено новое устройство: G:\
2024-04-16 09:00:39,243 - INFO - Устройство отключено: G:\
2024-04-16 09:02:50,831 - INFO - Обнаружено новое устройство: G:\
2024-04-16 09:03:43,352 - INFO - Обнаружено новое устройство: G:\
2024-04-16 09:04:27,777 - INFO - Устройство отключено: G:\
2024-04-16 09:55:21,819 - INFO - Обнаружено новое устройство: G:\
2024-04-16 09:55:31,960 - INFO - Устройство отключено: G:\
2024-04-16 09:58:54,914 - INFO - Обнаружено новое устройство: G:\
2024-04-16 10:05:08,834 - INFO - Обнаружено новое устройство: G:\
2024-04-16 10:08:08,447 - INFO - Обнаружено новое устройство: G:\
2024-04-16 10:13:54,535 - INFO - Обнаружено новое устройство: G:\
2024-04-16 10:24:13,677 - INFO - Обнаружено новое устройство: G:\
2024-04-16 10:24:18,748 - INFO - Устройство отключено: G:\
2024-04-16 10:50:22,779 - INFO - Обнаружено новое устройство: G:\
2024-04-16 10:54:21,566 - INFO - Обнаружено новое устройство: G:\
2024-04-16 11:08:54,926 - INFO - Обнаружено новое устройство: G:\
2024-04-16 11:11:08,538 - INFO - Обнаружено новое устройство: G:\
2024-04-16 11:13:23,995 - INFO - Обнаружено новое устройство: G:\
2024-04-16 11:17:36,423 - INFO - Обнаружено новое устройство: G:\
2024-04-17 08:38:41,309 - WARNING - Файл ключа не найден на диске E:/
2024-04-17 08:38:42,313 - WARNING - Файл ключа не найден на диске E:/
2024-04-17 08:38:43,316 - WARNING - Файл ключа не найден на диске E:/
2024-04-17 08:38:44,317 - WARNING - Файл ключа не найден на диске E:/
2024-04-17 08:38:45,319 - WARNING - Файл ключа не найден на диске E:/
2024-04-17 08:38:46,321 - WARNING - Файл ключа не найден на диске E:/
2024-04-17 08:38:47,323 - WARNING - Файл ключа не найден на диске E:/
2024-04-17 08:38:48,325 - WARNING - Файл ключа не найден на диске E:/
2024-04-17 08:38:49,328 - WARNING - Файл ключа не найден на диске E:/
2024-04-17 08:38:50,329 - WARNING - Файл ключа не найден на диске E:/
2024-04-17 08:38:51,331 - WARNING - Файл ключа не найден на диске E:/
2024-04-17 08:42:59,675 - WARNING - Файл ключа не найден на диске G:
2024-04-17 08:43:00,677 - WARNING - Файл ключа не найден на диске G:
2024-04-17 08:43:01,679 - WARNING - Файл ключа не найден на диске G:
2024-04-17 08:43:09,205 - INFO - Обнаружено новое устройство: G:\
2024-04-17 08:43:11,306 - INFO - Устройство отключено: G:\
2024-04-17 08:50:13,650 - INFO - Обнаружено новое устройство: G:\
2024-04-17 08:50:17,707 - INFO - Устройство отключено: G:\
2024-04-17 09:02:40,003 - INFO - Обнаружено устройство криптоключа: G:\
2024-04-17 09:04:08,808 - INFO - Обнаружено устройство криптоключа: G:\
2024-04-17 12:24:37,756 - INFO - Обнаружено устройство криптоключа: G:\
2024-04-17 12:24:42,837 - INFO - Устройство отключено: G:\
2024-04-17 12:27:18,221 - INFO - Обнаружено устройство криптоключа: G:\
2024-04-17 12:29:39,062 - INFO - Обнаружено устройство криптоключа: G:\
2024-04-17 12:31:55,749 - INFO - Обнаружено устройство криптоключа: G:\
2024-04-17 12:32:41,208 - INFO - Устройство отключено: G:\
2024-04-17 12:32:45,275 - INFO - Обнаружено устройство криптоключа: G:\
2024-04-17 12:35:29,892 - INFO - Обнаружено устройство криптоключа: G:\
2024-04-17 12:37:38,793 - INFO - Обнаружено устройство криптоключа: G:\
2024-04-17 12:39:57,940 - INFO - Обнаружено устройство криптоключа: G:\
2024-04-17 12:40:34,329 - INFO - Устройство отключено: G:\
2024-04-17 12:40:41,409 - INFO - Обнаружено устройство криптоключа: G:\
2024-04-17 12:40:50,618 - INFO - Устройство отключено: G:\
2024-04-17 12:43:26,479 - INFO - Обнаружено устройство криптоключа: G:\
2024-04-17 12:43:56,816 - INFO - Устройство отключено: G:\
2024-04-17 12:44:03,897 - INFO - Обнаружено устройство криптоключа: G:\
2024-04-17 12:44:11,061 - INFO - Устройство отключено: G:\
2024-04-17 12:47:13,582 - INFO - Обнаружено устройство криптоключа: G:\
2024-04-17 12:59:17,603 - INFO - Обнаружено устройство криптоключа: G:\
2024-04-17 12:59:24,715 - INFO - Устройство отключено: G:\
2024-04-17 13:11:22,891 - INFO - Обнаружено устройство криптоключа: G:\
2024-04-17 15:07:09,750 - INFO - Обнаружено устройство криптоключа: G:\
2024-04-17 15:08:53,962 - INFO - Обнаружено устройство криптоключа: G:\
2024-04-17 15:08:59,081 - INFO - Устройство отключено: G:\
2024-04-17 15:10:21,019 - INFO - Обнаружено устройство криптоключа: G:\
2024-04-17 15:13:22,200 - INFO - Обнаружено устройство криптоключа: G:\
2024-04-17 15:17:52,116 - INFO - Обнаружено устройство криптоключа: G:\
2024-04-17 15:18:45,623 - INFO - Обнаружено устройство криптоключа: G:\
2024-04-17 15:20:15,891 - INFO - Обнаружено устройство криптоключа: G:\
2024-04-17 15:21:54,911 - INFO - Обнаружено устройство криптоключа: G:\
2024-04-17 15:24:41,554 - INFO - Обнаружено устройство криптоключа: G:\
2024-04-17 15:26:30,263 - INFO - Обнаружено устройство криптоключа: G:\
2024-04-17 15:27:22,753 - INFO - Обнаружено устройство криптоключа: G:\
2024-04-17 15:32:42,141 - INFO - Обнаружено устройство криптоключа: G:\
2024-04-17 15:35:59,485 - INFO - Обнаружено устройство криптоключа: G:\
2024-04-17 15:37:36,716 - INFO - Обнаружено устройство криптоключа: G:\
2024-04-17 15:39:27,103 - INFO - Обнаружено устройство криптоключа: G:\
2024-04-17 15:40:11,666 - INFO - Обнаружено устройство криптоключа: G:\
2024-04-17 15:40:54,753 - INFO - Обнаружено устройство криптоключа: G:\
2024-04-17 15:43:00,092 - INFO - Обнаружено устройство криптоключа: G:\
2024-04-17 15:43:58,170 - INFO - Обнаружено устройство криптоключа: G:\
2024-04-17 15:44:50,248 - INFO - Обнаружено устройство криптоключа: G:\
2024-04-17 15:46:48,773 - INFO - Обнаружено устройство криптоключа: G:\
2024-04-17 15:49:14,727 - INFO - Обнаружено устройство криптоключа: G:\
2024-04-17 15:50:42,597 - INFO - Обнаружено устройство криптоключа: G:\
2024-04-17 15:52:17,583 - INFO - Обнаружено устройство криптоключа: G:\
2024-04-17 15:53:23,443 - INFO - Обнаружено устройство криптоключа: G:\
2024-04-17 15:54:06,532 - INFO - Обнаружено устройство криптоключа: G:\
2024-04-17 15:55:12,057 - INFO - Обнаружено устройство криптоключа: G:\
2024-04-17 15:56:53,590 - INFO - Обнаружено устройство криптоключа: G:\
2024-04-17 15:56:53,771 - INFO - <PySide6.QtWidgets.QPushButton(0x238df4fde00, name="Log_admin_button") at 0x00000239984846C0>
2024-04-17 15:57:56,144 - INFO - Обнаружено устройство криптоключа: G:\
2024-04-17 15:59:49,017 - INFO - Обнаружено устройство криптоключа: G:\
2024-04-17 16:01:08,404 - INFO - Обнаружено устройство криптоключа: G:\
2024-04-17 16:02:44,273 - INFO - Обнаружено устройство криптоключа: G:\
2024-04-17 16:09:13,930 - INFO - Обнаружено устройство криптоключа: G:\
2024-04-17 16:10:34,054 - INFO - Обнаружено устройство криптоключа: G:\
2024-04-17 16:13:37,618 - INFO - Обнаружено устройство криптоключа: G:\
2024-04-17 16:15:42,870 - INFO - Обнаружено устройство криптоключа: G:\
2024-04-17 16:18:08,595 - INFO - Обнаружено устройство криптоключа: G:\
2024-04-17 16:22:39,147 - INFO - Обнаружено устройство криптоключа: G:\
2024-04-17 16:26:59,425 - INFO - Обнаружено устройство криптоключа: G:\
2024-04-17 16:27:14,999 - ERROR - Failed to open log file: [WinError 2] Не удается найти указанный файл: 'admin_logs/flashdrive_watcher.log'
2024-04-17 16:27:18,613 - ERROR - Failed to open log file: [WinError 2] Не удается найти указанный файл: 'admin_logs/flashdrive_watcher.log'
2024-04-17 16:27:19,691 - ERROR - Failed to open log file: [WinError 2] Не удается найти указанный файл: 'admin_logs/flashdrive_watcher.log'
2024-04-17 16:27:20,403 - ERROR - Failed to open log file: [WinError 2] Не удается найти указанный файл: 'admin_logs/flashdrive_watcher.log'
2024-04-18 05:34:22,086 - INFO - Обнаружено устройство криптоключа: G:\
2024-04-18 05:36:04,050 - INFO - Обнаружено устройство криптоключа: G:\
2024-04-18 05:36:57,380 - INFO - Обнаружено устройство криптоключа: G:\
2024-04-18 05:38:14,190 - INFO - Устройство отключено: G:\
2024-04-18 05:38:20,250 - INFO - Обнаружено устройство криптоключа: G:\
2024-04-18 05:38:45,491 - WARNING - Файл ключа не найден на диске G:/
2024-04-18 05:38:46,503 - WARNING - Файл ключа не найден на диске G:/
2024-04-18 05:38:47,515 - WARNING - Файл ключа не найден на диске G:/
2024-04-18 05:38:48,527 - WARNING - Файл ключа не найден на диске G:/
2024-04-18 05:38:49,537 - WARNING - Файл ключа не найден на диске G:/
2024-04-18 05:38:50,547 - WARNING - Файл ключа не найден на диске G:/
2024-04-18 05:38:51,557 - WARNING - Файл ключа не найден на диске G:/
2024-04-18 05:38:52,568 - ERROR - Ошибка чтения ключа: Fernet key must be 32 url-safe base64-encoded bytes.
2024-04-18 05:38:53,580 - ERROR - Ошибка чтения ключа: Fernet key must be 32 url-safe base64-encoded bytes.
2024-04-18 05:38:54,590 - ERROR - Ошибка чтения ключа: Fernet key must be 32 url-safe base64-encoded bytes.
2024-04-18 05:38:55,600 - ERROR - Ошибка чтения ключа: Fernet key must be 32 url-safe base64-encoded bytes.
2024-04-18 05:38:56,610 - ERROR - Ошибка чтения ключа: Fernet key must be 32 url-safe base64-encoded bytes.
2024-04-18 05:38:57,620 - ERROR - Ошибка чтения ключа: Fernet key must be 32 url-safe base64-encoded bytes.
2024-04-18 05:38:58,631 - ERROR - Ошибка чтения ключа: Fernet key must be 32 url-safe base64-encoded bytes.
2024-04-18 05:38:59,642 - WARNING - Файл ключа не найден на диске G:/
2024-04-18 05:39:00,653 - WARNING - Файл ключа не найден на диске G:/
2024-04-18 05:39:01,663 - WARNING - Файл ключа не найден на диске G:/
2024-04-18 05:39:02,673 - WARNING - Файл ключа не найден на диске G:/
2024-04-18 05:39:10,760 - INFO - Устройство отключено: G:\
2024-04-18 05:39:16,819 - INFO - Обнаружено устройство криптоключа: G:\
2024-04-18 08:35:50,010 - INFO - Обнаружено устройство криптоключа: G:\
2024-04-18 08:36:04,179 - INFO - Устройство отключено: G:\
2024-04-18 09:30:21,841 - INFO - Обнаружено устройство криптоключа: G:\
2024-04-18 09:47:14,222 - INFO - Обнаружено устройство криптоключа: G:\
2024-04-18 09:47:54,652 - INFO - Устройство отключено: G:\
2024-04-18 09:48:05,761 - INFO - Обнаружено устройство криптоключа: G:\
2024-04-18 09:48:16,874 - WARNING - Файл ключа не найден на диске G:/
2024-04-18 09:48:17,884 - WARNING - Файл ключа не найден на диске G:/
2024-04-18 09:48:18,894 - WARNING - Файл ключа не найден на диске G:/
2024-04-18 09:48:19,904 - WARNING - Файл ключа не найден на диске G:/
2024-04-18 09:48:20,913 - WARNING - Файл ключа не найден на диске G:/
2024-04-18 09:48:21,922 - WARNING - Файл ключа не найден на диске G:/
2024-04-18 09:48:22,933 - WARNING - Файл ключа не найден на диске G:/
2024-04-18 09:48:23,942 - WARNING - Файл ключа не найден на диске G:/
2024-04-18 09:48:24,952 - WARNING - Файл ключа не найден на диске G:/
2024-04-18 09:48:25,962 - WARNING - Файл ключа не найден на диске G:/
2024-04-18 09:48:26,970 - ERROR - Ошибка чтения ключа: Fernet key must be 32 url-safe base64-encoded bytes.
2024-04-18 09:48:27,980 - ERROR - Ошибка чтения ключа: Fernet key must be 32 url-safe base64-encoded bytes.
2024-04-18 09:48:28,989 - ERROR - Ошибка чтения ключа: Fernet key must be 32 url-safe base64-encoded bytes.
2024-04-18 09:48:29,999 - ERROR - Ошибка чтения ключа: Fernet key must be 32 url-safe base64-encoded bytes.
2024-04-18 09:48:31,010 - ERROR - Ошибка чтения ключа: Fernet key must be 32 url-safe base64-encoded bytes.
2024-04-18 09:48:32,020 - ERROR - Ошибка чтения ключа: Fernet key must be 32 url-safe base64-encoded bytes.
2024-04-18 09:48:33,029 - WARNING - Файл ключа не найден на диске G:/
2024-04-18 09:48:34,038 - WARNING - Файл ключа не найден на диске G:/
2024-04-18 09:48:35,049 - WARNING - Файл ключа не найден на диске G:/
2024-04-18 09:48:36,058 - WARNING - Файл ключа не найден на диске G:/
2024-04-18 09:48:37,068 - WARNING - Файл ключа не найден на диске G:/
2024-04-18 09:48:38,077 - WARNING - Файл ключа не найден на диске G:/
2024-04-18 09:48:39,086 - WARNING - Файл ключа не найден на диске G:/
2024-04-18 09:48:40,096 - WARNING - Файл ключа не найден на диске G:/
2024-04-18 09:48:41,105 - WARNING - Файл ключа не найден на диске G:/
2024-04-18 09:48:42,114 - WARNING - Файл ключа не найден на диске G:/
2024-04-18 09:51:08,798 - INFO - Обнаружено устройство криптоключа: G:\
2024-04-18 09:51:20,979 - INFO - Устройство отключено: G:\
2024-05-08 20:12:09,427 - INFO - Обнаружено устройство криптоключа: G:\
2024-05-08 20:12:38,503 - INFO - Устройство отключено: G:\
2024-05-08 20:12:45,522 - INFO - Обнаружено устройство криптоключа: G:\
2024-05-08 20:12:51,544 - INFO - Устройство отключено: G:\
2024-05-10 19:45:04,809 - INFO - Обнаружено устройство криптоключа: G:\
2024-05-17 01:15:45,279 - INFO - Обнаружено устройство криптоключа: G:\
2024-05-17 01:15:47,337 - INFO - Устройство отключено: G:\
2024-05-17 04:55:49,415 - INFO - Обнаружено устройство криптоключа: G:\
2024-05-17 05:01:39,105 - INFO - Обнаружено устройство криптоключа: G:\
2024-05-17 05:01:45,217 - INFO - Устройство отключено: G:\
2024-05-17 05:10:03,565 - INFO - Обнаружено устройство криптоключа: G:\
2024-05-17 05:10:14,542 - ERROR - Failed to open log file: [WinError 2] Не удается найти указанный файл: 'admin_logs/flashdrive_watcher.log'
2024-05-17 05:10:18,686 - ERROR - Failed to open log file: [WinError 2] Не удается найти указанный файл: 'admin_logs/flashdrive_watcher.log'
2024-05-17 05:10:19,796 - ERROR - Failed to open log file: [WinError 2] Не удается найти указанный файл: 'admin_logs/flashdrive_watcher.log'
2024-05-17 05:10:20,702 - ERROR - Failed to open log file: [WinError 2] Не удается найти указанный файл: 'admin_logs/flashdrive_watcher.log'
2024-05-17 05:13:46,129 - INFO - Обнаружено устройство криптоключа: G:\
2024-05-17 05:13:54,844 - ERROR - Failed to open log file: [WinError 2] Не удается найти указанный файл: 'admin_logs/assistant_log.txt'
2024-05-17 05:14:04,601 - ERROR - Failed to open log file: [WinError 2] Не удается найти указанный файл: 'admin_logs/assistant_log.txt'
2024-05-17 05:14:06,624 - ERROR - Failed to open log file: [WinError 2] Не удается найти указанный файл: 'admin_logs/assistant_log.txt'
2024-05-17 05:14:07,840 - ERROR - Failed to open log file: [WinError 2] Не удается найти указанный файл: 'admin_logs/assistant_log.txt'
2024-05-17 05:18:34,731 - INFO - Обнаружено устройство криптоключа: G:\
2024-05-17 05:20:03,056 - INFO - Обнаружено устройство криптоключа: G:\
2024-05-17 05:20:58,646 - INFO - Устройство отключено: G:\
2024-05-17 05:25:04,055 - INFO - Обнаружено устройство криптоключа: G:\
2024-05-17 05:27:45,111 - INFO - Обнаружено устройство криптоключа: G:\
2024-05-17 05:30:52,816 - INFO - Обнаружено устройство криптоключа: G:\
2024-05-17 05:32:41,003 - INFO - Обнаружено устройство криптоключа: G:\
2024-05-17 05:33:02,602 - ERROR - Failed to open log file: [WinError 2] Не удается найти указанный файл: 'admin_logs/assistant_log.txt'
2024-05-17 05:39:23,745 - INFO - Обнаружено устройство криптоключа: G:\
2024-05-17 05:42:08,994 - INFO - Обнаружено устройство криптоключа: G:\
2024-05-17 05:43:08,472 - INFO - Log file opened
2024-05-17 05:43:14,232 - INFO - Log file opened
2024-05-17 05:43:16,489 - INFO - Log file opened
2024-05-17 05:51:30,650 - INFO - Обнаружено устройство криптоключа: G:\
2024-05-17 05:51:46,351 - INFO - Log file opened
2024-05-17 05:54:19,559 - INFO - Обнаружено устройство криптоключа: G:\
2024-05-17 05:54:25,878 - INFO - Log file opened
2024-05-17 05:54:30,117 - INFO - Log file opened
2024-05-17 05:54:33,991 - INFO - Log file opened
2024-05-17 06:20:13,725 - INFO - Обнаружено устройство криптоключа: G:\
2024-05-17 06:23:12,472 - INFO - Обнаружено устройство криптоключа: G:\
2024-05-17 06:27:09,454 - INFO - Обнаружено устройство криптоключа: G:\
2024-05-17 06:28:08,091 - INFO - Устройство отключено: G:\
2024-05-17 06:28:13,151 - INFO - Обнаружено устройство криптоключа: G:\
2024-05-17 06:30:23,297 - INFO - Обнаружено устройство криптоключа: G:\
2024-05-17 06:31:03,646 - INFO - Log file opened
2024-05-17 06:31:06,198 - INFO - Log file opened
2024-05-17 06:35:41,624 - INFO - Обнаружено устройство криптоключа: G:\
2024-05-17 06:36:28,838 - INFO - Log file opened
2024-05-17 06:40:18,293 - INFO - Обнаружено устройство криптоключа: G:\
2024-05-17 06:44:04,149 - INFO - Обнаружено устройство криптоключа: G:\
2024-05-17 06:45:41,557 - INFO - Обнаружено устройство криптоключа: G:\
2024-05-17 06:45:53,774 - INFO - Log file opened
2024-05-17 06:45:56,189 - INFO - Log file opened
2024-06-27 13:53:40,536 - INFO - Log file opened
2024-06-27 13:53:42,659 - INFO - Log file opened
